09-23 19:17:08.348 15698 15698 I YTMProbe: g7 CB onModuleLoaded process=io.github.mrxsin.ytmprobe.target api=102 framework=Vector 2.2 props=0x7
09-23 19:17:08.348 15698 15698 D VectorModuleManager: Loaded module io.github.mrxsin.ytmprobe successfully.
09-23 19:17:08.392 15698 15698 I YTMProbe: g7 CB onPackageLoaded package=io.github.mrxsin.ytmprobe.target
09-23 19:17:08.394 15698 15698 I YTMProbe: g7 CB onPackageReady package=io.github.mrxsin.ytmprobe.target
09-23 19:17:08.397 15698 15698 I YTMProbe: g7 INSTALLED id=ytmprobe.H1
09-23 19:17:08.403 15698 15698 I YTMProbe: g7 INSTALLED id=ytmprobe.H2
09-23 19:17:08.408 15698 15698 I YTMProbe: g7 LISTENER attached value=2
09-23 19:17:12.324 15490 15490 I YTMProbe: g7 CTRL target process=io.github.mrxsin.ytmprobe.target pid=15698 state=UP_TO_DATE loadedVersion=7
09-23 19:17:12.356 15698 15830 I YTMProbe: g7 CB onHotReloading
09-23 19:17:12.356 15698 15830 I YTMProbe: g7 LISTENER detached
09-23 19:17:12.356 15698 15830 I YTMProbe: g7 CB onHotReloaded process=io.github.mrxsin.ytmprobe.target extrasGen=7 oldHandles=2
09-23 19:17:12.356 15698 15830 I YTMProbe: g7 OLD_HANDLE id=ytmprobe.H1 exec=h1
09-23 19:17:12.356 15698 15830 I YTMProbe: g7 OLD_HANDLE id=ytmprobe.H2 exec=h2
09-23 19:17:12.356 15698 15830 I YTMProbe: g7 REPLACED id=ytmprobe.H1 same=false
09-23 19:17:12.357 15698 15830 I YTMProbe: g7 REPLACED id=ytmprobe.H2 same=false
09-23 19:17:12.357 15698 15830 I YTMProbe: g7 LISTENER attached value=2
09-23 19:17:12.357 15698 15830 I YTMProbe: g7 SAVED_STATE fromGen=7
09-23 19:17:12.358 15698 15830 D VectorModuleManager: Hot reloaded io.github.mrxsin.ytmprobe
09-23 19:17:12.359 15490 15508 I YTMProbe: g7 CTRL reload result pid=15698 status=SUCCEEDED message=null
09-23 19:17:13.464 15698 15831 I YTMProbe: g7 OLD_CLASSLOADER collected afterChecks=1
09-23 19:17:15.023 15490 15490 I YTMProbe: g7 CTRL target process=io.github.mrxsin.ytmprobe.target pid=15698 state=UP_TO_DATE loadedVersion=7
09-23 19:17:15.059 15698 15830 I YTMProbe: g7 CB onHotReloading
09-23 19:17:15.059 15698 15830 I YTMProbe: g7 LISTENER detached
09-23 19:17:15.059 15698 15830 I YTMProbe: g7 CB onHotReloaded process=io.github.mrxsin.ytmprobe.target extrasGen=7 oldHandles=2
09-23 19:17:15.061 15698 15830 I YTMProbe: g7 OLD_HANDLE id=ytmprobe.H1 exec=h1
09-23 19:17:15.061 15698 15830 I YTMProbe: g7 OLD_HANDLE id=ytmprobe.H2 exec=h2
09-23 19:17:15.061 15698 15830 I YTMProbe: g7 REPLACED id=ytmprobe.H1 same=false
09-23 19:17:15.061 15698 15830 I YTMProbe: g7 REPLACED id=ytmprobe.H2 same=false
09-23 19:17:15.064 15698 15830 I YTMProbe: g7 LISTENER attached value=2
09-23 19:17:15.064 15698 15830 I YTMProbe: g7 SAVED_STATE fromGen=7
09-23 19:17:15.064 15698 15830 D VectorModuleManager: Hot reloaded io.github.mrxsin.ytmprobe
09-23 19:17:15.066 15490 15509 I YTMProbe: g7 CTRL reload result pid=15698 status=SUCCEEDED message=null
09-23 19:17:16.085 15698 15852 I YTMProbe: g7 OLD_CLASSLOADER collected afterChecks=1
09-23 19:17:17.777 15490 15490 I YTMProbe: g7 CTRL target process=io.github.mrxsin.ytmprobe.target pid=15698 state=UP_TO_DATE loadedVersion=7
09-23 19:17:17.800 15698 15830 I YTMProbe: g7 CB onHotReloading
09-23 19:17:17.801 15698 15830 I YTMProbe: g7 LISTENER detached
09-23 19:17:17.801 15698 15830 I YTMProbe: g7 CB onHotReloaded process=io.github.mrxsin.ytmprobe.target extrasGen=7 oldHandles=2
09-23 19:17:17.801 15698 15830 I YTMProbe: g7 OLD_HANDLE id=ytmprobe.H1 exec=h1
09-23 19:17:17.801 15698 15830 I YTMProbe: g7 OLD_HANDLE id=ytmprobe.H2 exec=h2
09-23 19:17:17.801 15698 15830 I YTMProbe: g7 REPLACED id=ytmprobe.H1 same=false
09-23 19:17:17.801 15698 15830 I YTMProbe: g7 REPLACED id=ytmprobe.H2 same=false
09-23 19:17:17.802 15698 15830 I YTMProbe: g7 LISTENER attached value=2
09-23 19:17:17.802 15698 15830 I YTMProbe: g7 SAVED_STATE fromGen=7
09-23 19:17:17.803 15698 15830 D VectorModuleManager: Hot reloaded io.github.mrxsin.ytmprobe
09-23 19:17:17.805 15490 15509 I YTMProbe: g7 CTRL reload result pid=15698 status=SUCCEEDED message=null
09-23 19:17:18.813 15698 15881 I YTMProbe: g7 OLD_CLASSLOADER collected afterChecks=1
09-23 19:17:20.485 15490 15490 I YTMProbe: g7 CTRL target process=io.github.mrxsin.ytmprobe.target pid=15698 state=UP_TO_DATE loadedVersion=7
09-23 19:17:20.527 15698 15830 I YTMProbe: g7 CB onHotReloading
09-23 19:17:20.527 15698 15830 I YTMProbe: g7 LISTENER detached
09-23 19:17:20.527 15698 15830 I YTMProbe: g7 CB onHotReloaded process=io.github.mrxsin.ytmprobe.target extrasGen=7 oldHandles=2
09-23 19:17:20.528 15698 15830 I YTMProbe: g7 OLD_HANDLE id=ytmprobe.H1 exec=h1
09-23 19:17:20.528 15698 15830 I YTMProbe: g7 OLD_HANDLE id=ytmprobe.H2 exec=h2
09-23 19:17:20.528 15698 15830 I YTMProbe: g7 REPLACED id=ytmprobe.H1 same=false
09-23 19:17:20.528 15698 15830 I YTMProbe: g7 REPLACED id=ytmprobe.H2 same=false
09-23 19:17:20.536 15698 15830 I YTMProbe: g7 LISTENER attached value=2
09-23 19:17:20.536 15698 15830 I YTMProbe: g7 SAVED_STATE fromGen=7
09-23 19:17:20.536 15698 15830 D VectorModuleManager: Hot reloaded io.github.mrxsin.ytmprobe
09-23 19:17:20.540 15490 15509 I YTMProbe: g7 CTRL reload result pid=15698 status=SUCCEEDED message=null
09-23 19:17:21.564 15698 15950 I YTMProbe: g7 OLD_CLASSLOADER collected afterChecks=1
09-23 19:17:23.225 15490 15490 I YTMProbe: g7 CTRL target process=io.github.mrxsin.ytmprobe.target pid=15698 state=UP_TO_DATE loadedVersion=7
09-23 19:17:23.260 15698 15830 I YTMProbe: g7 CB onHotReloading
09-23 19:17:23.260 15698 15830 I YTMProbe: g7 LISTENER detached
09-23 19:17:23.260 15698 15830 I YTMProbe: g7 CB onHotReloaded process=io.github.mrxsin.ytmprobe.target extrasGen=7 oldHandles=2
09-23 19:17:23.261 15698 15830 I YTMProbe: g7 OLD_HANDLE id=ytmprobe.H2 exec=h2
09-23 19:17:23.261 15698 15830 I YTMProbe: g7 OLD_HANDLE id=ytmprobe.H1 exec=h1
09-23 19:17:23.261 15698 15830 I YTMProbe: g7 REPLACED id=ytmprobe.H1 same=false
09-23 19:17:23.261 15698 15830 I YTMProbe: g7 REPLACED id=ytmprobe.H2 same=false
09-23 19:17:23.264 15698 15830 I YTMProbe: g7 LISTENER attached value=2
09-23 19:17:23.264 15698 15830 I YTMProbe: g7 SAVED_STATE fromGen=7
09-23 19:17:23.265 15698 15830 D VectorModuleManager: Hot reloaded io.github.mrxsin.ytmprobe
09-23 19:17:23.266 15490 15509 I YTMProbe: g7 CTRL reload result pid=15698 status=SUCCEEDED message=null
09-23 19:17:24.285 15698 15979 I YTMProbe: g7 OLD_CLASSLOADER collected afterChecks=1
09-23 19:17:25.910 15490 15490 I YTMProbe: g7 CTRL target process=io.github.mrxsin.ytmprobe.target pid=15698 state=UP_TO_DATE loadedVersion=7
09-23 19:17:25.951 15698 15830 I YTMProbe: g7 CB onHotReloading
09-23 19:17:25.951 15698 15830 I YTMProbe: g7 LISTENER detached
09-23 19:17:25.951 15698 15830 I YTMProbe: g7 CB onHotReloaded process=io.github.mrxsin.ytmprobe.target extrasGen=7 oldHandles=2
09-23 19:17:25.954 15698 15830 I YTMProbe: g7 OLD_HANDLE id=ytmprobe.H2 exec=h2
09-23 19:17:25.955 15698 15830 I YTMProbe: g7 OLD_HANDLE id=ytmprobe.H1 exec=h1
09-23 19:17:25.955 15698 15830 I YTMProbe: g7 REPLACED id=ytmprobe.H1 same=false
09-23 19:17:25.955 15698 15830 I YTMProbe: g7 REPLACED id=ytmprobe.H2 same=false
09-23 19:17:25.958 15698 15830 I YTMProbe: g7 LISTENER attached value=2
09-23 19:17:25.958 15698 15830 I YTMProbe: g7 SAVED_STATE fromGen=7
09-23 19:17:25.959 15698 15830 D VectorModuleManager: Hot reloaded io.github.mrxsin.ytmprobe
09-23 19:17:25.962 15490 15509 I YTMProbe: g7 CTRL reload result pid=15698 status=SUCCEEDED message=null
09-23 19:17:26.976 15698 15992 I YTMProbe: g7 OLD_CLASSLOADER collected afterChecks=1
09-23 19:17:28.616 15490 15490 I YTMProbe: g7 CTRL target process=io.github.mrxsin.ytmprobe.target pid=15698 state=UP_TO_DATE loadedVersion=7
09-23 19:17:28.660 15698 15830 I YTMProbe: g7 CB onHotReloading
09-23 19:17:28.660 15698 15830 I YTMProbe: g7 LISTENER detached
09-23 19:17:28.660 15698 15830 I YTMProbe: g7 CB onHotReloaded process=io.github.mrxsin.ytmprobe.target extrasGen=7 oldHandles=2
09-23 19:17:28.661 15698 15830 I YTMProbe: g7 OLD_HANDLE id=ytmprobe.H2 exec=h2
09-23 19:17:28.661 15698 15830 I YTMProbe: g7 OLD_HANDLE id=ytmprobe.H1 exec=h1
09-23 19:17:28.661 15698 15830 I YTMProbe: g7 REPLACED id=ytmprobe.H1 same=false
09-23 19:17:28.661 15698 15830 I YTMProbe: g7 REPLACED id=ytmprobe.H2 same=false
09-23 19:17:28.665 15698 15830 I YTMProbe: g7 LISTENER attached value=2
09-23 19:17:28.665 15698 15830 I YTMProbe: g7 SAVED_STATE fromGen=7
09-23 19:17:28.665 15698 15830 D VectorModuleManager: Hot reloaded io.github.mrxsin.ytmprobe
09-23 19:17:28.668 15490 15509 I YTMProbe: g7 CTRL reload result pid=15698 status=SUCCEEDED message=null
09-23 19:17:29.674 15698 16005 I YTMProbe: g7 OLD_CLASSLOADER collected afterChecks=1
09-23 19:17:31.332 15490 15490 I YTMProbe: g7 CTRL target process=io.github.mrxsin.ytmprobe.target pid=15698 state=UP_TO_DATE loadedVersion=7
09-23 19:17:31.364 15698 15830 I YTMProbe: g7 CB onHotReloading
09-23 19:17:31.364 15698 15830 I YTMProbe: g7 LISTENER detached
09-23 19:17:31.364 15698 15830 I YTMProbe: g7 CB onHotReloaded process=io.github.mrxsin.ytmprobe.target extrasGen=7 oldHandles=2
09-23 19:17:31.365 15698 15830 I YTMProbe: g7 OLD_HANDLE id=ytmprobe.H1 exec=h1
09-23 19:17:31.365 15698 15830 I YTMProbe: g7 OLD_HANDLE id=ytmprobe.H2 exec=h2
09-23 19:17:31.365 15698 15830 I YTMProbe: g7 REPLACED id=ytmprobe.H1 same=false
09-23 19:17:31.365 15698 15830 I YTMProbe: g7 REPLACED id=ytmprobe.H2 same=false
09-23 19:17:31.366 15698 15830 I YTMProbe: g7 LISTENER attached value=2
09-23 19:17:31.366 15698 15830 I YTMProbe: g7 SAVED_STATE fromGen=7
09-23 19:17:31.366 15698 15830 D VectorModuleManager: Hot reloaded io.github.mrxsin.ytmprobe
09-23 19:17:31.369 15490 15509 I YTMProbe: g7 CTRL reload result pid=15698 status=SUCCEEDED message=null
09-23 19:17:32.374 15698 16018 I YTMProbe: g7 OLD_CLASSLOADER collected afterChecks=1
09-23 19:17:34.035 15490 15490 I YTMProbe: g7 CTRL target process=io.github.mrxsin.ytmprobe.target pid=15698 state=UP_TO_DATE loadedVersion=7
09-23 19:17:34.066 15698 15830 I YTMProbe: g7 CB onHotReloading
09-23 19:17:34.066 15698 15830 I YTMProbe: g7 LISTENER detached
09-23 19:17:34.066 15698 15830 I YTMProbe: g7 CB onHotReloaded process=io.github.mrxsin.ytmprobe.target extrasGen=7 oldHandles=2
09-23 19:17:34.067 15698 15830 I YTMProbe: g7 OLD_HANDLE id=ytmprobe.H1 exec=h1
09-23 19:17:34.067 15698 15830 I YTMProbe: g7 OLD_HANDLE id=ytmprobe.H2 exec=h2
09-23 19:17:34.067 15698 15830 I YTMProbe: g7 REPLACED id=ytmprobe.H1 same=false
09-23 19:17:34.067 15698 15830 I YTMProbe: g7 REPLACED id=ytmprobe.H2 same=false
09-23 19:17:34.068 15698 15830 I YTMProbe: g7 LISTENER attached value=2
09-23 19:17:34.068 15698 15830 I YTMProbe: g7 SAVED_STATE fromGen=7
09-23 19:17:34.068 15698 15830 D VectorModuleManager: Hot reloaded io.github.mrxsin.ytmprobe
09-23 19:17:34.072 15490 15508 I YTMProbe: g7 CTRL reload result pid=15698 status=SUCCEEDED message=null
09-23 19:17:35.092 15698 16037 I YTMProbe: g7 OLD_CLASSLOADER collected afterChecks=1
09-23 19:17:36.765 15490 15490 I YTMProbe: g7 CTRL target process=io.github.mrxsin.ytmprobe.target pid=15698 state=UP_TO_DATE loadedVersion=7
09-23 19:17:36.797 15698 15830 I YTMProbe: g7 CB onHotReloading
09-23 19:17:36.797 15698 15830 I YTMProbe: g7 LISTENER detached
09-23 19:17:36.797 15698 15830 I YTMProbe: g7 CB onHotReloaded process=io.github.mrxsin.ytmprobe.target extrasGen=7 oldHandles=2
09-23 19:17:36.798 15698 15830 I YTMProbe: g7 OLD_HANDLE id=ytmprobe.H1 exec=h1
09-23 19:17:36.798 15698 15830 I YTMProbe: g7 OLD_HANDLE id=ytmprobe.H2 exec=h2
09-23 19:17:36.798 15698 15830 I YTMProbe: g7 REPLACED id=ytmprobe.H1 same=false
09-23 19:17:36.798 15698 15830 I YTMProbe: g7 REPLACED id=ytmprobe.H2 same=false
09-23 19:17:36.799 15698 15830 I YTMProbe: g7 LISTENER attached value=2
09-23 19:17:36.799 15698 15830 I YTMProbe: g7 SAVED_STATE fromGen=7
09-23 19:17:36.799 15698 15830 D VectorModuleManager: Hot reloaded io.github.mrxsin.ytmprobe
09-23 19:17:36.818 15490 15508 I YTMProbe: g7 CTRL reload result pid=15698 status=SUCCEEDED message=null
09-23 19:17:37.811 15698 16070 I YTMProbe: g7 OLD_CLASSLOADER collected afterChecks=1
09-23 19:17:39.503 15490 15490 I YTMProbe: g7 CTRL target process=io.github.mrxsin.ytmprobe.target pid=15698 state=UP_TO_DATE loadedVersion=7
09-23 19:17:39.530 15698 15830 I YTMProbe: g7 CB onHotReloading
09-23 19:17:39.531 15698 15830 I YTMProbe: g7 LISTENER detached
09-23 19:17:39.531 15698 15830 I YTMProbe: g7 CB onHotReloaded process=io.github.mrxsin.ytmprobe.target extrasGen=7 oldHandles=2
09-23 19:17:39.531 15698 15830 I YTMProbe: g7 OLD_HANDLE id=ytmprobe.H2 exec=h2
09-23 19:17:39.531 15698 15830 I YTMProbe: g7 OLD_HANDLE id=ytmprobe.H1 exec=h1
09-23 19:17:39.531 15698 15830 I YTMProbe: g7 REPLACED id=ytmprobe.H1 same=false
09-23 19:17:39.532 15698 15830 I YTMProbe: g7 REPLACED id=ytmprobe.H2 same=false
09-23 19:17:39.532 15698 15830 I YTMProbe: g7 LISTENER attached value=2
09-23 19:17:39.532 15698 15830 I YTMProbe: g7 SAVED_STATE fromGen=7
09-23 19:17:39.533 15698 15830 D VectorModuleManager: Hot reloaded io.github.mrxsin.ytmprobe
09-23 19:17:39.534 15490 15508 I YTMProbe: g7 CTRL reload result pid=15698 status=SUCCEEDED message=null
09-23 19:17:40.544 15698 16087 I YTMProbe: g7 OLD_CLASSLOADER collected afterChecks=1
09-23 19:17:42.218 15490 15490 I YTMProbe: g7 CTRL target process=io.github.mrxsin.ytmprobe.target pid=15698 state=UP_TO_DATE loadedVersion=7
09-23 19:17:42.252 15698 15830 I YTMProbe: g7 CB onHotReloading
09-23 19:17:42.253 15698 15830 I YTMProbe: g7 LISTENER detached
09-23 19:17:42.253 15698 15830 I YTMProbe: g7 CB onHotReloaded process=io.github.mrxsin.ytmprobe.target extrasGen=7 oldHandles=2
09-23 19:17:42.255 15698 15830 I YTMProbe: g7 OLD_HANDLE id=ytmprobe.H1 exec=h1
09-23 19:17:42.255 15698 15830 I YTMProbe: g7 OLD_HANDLE id=ytmprobe.H2 exec=h2
09-23 19:17:42.255 15698 15830 I YTMProbe: g7 REPLACED id=ytmprobe.H1 same=false
09-23 19:17:42.255 15698 15830 I YTMProbe: g7 REPLACED id=ytmprobe.H2 same=false
09-23 19:17:42.256 15698 15830 I YTMProbe: g7 LISTENER attached value=2
09-23 19:17:42.256 15698 15830 I YTMProbe: g7 SAVED_STATE fromGen=7
09-23 19:17:42.256 15698 15830 D VectorModuleManager: Hot reloaded io.github.mrxsin.ytmprobe
09-23 19:17:42.258 15490 15508 I YTMProbe: g7 CTRL reload result pid=15698 status=SUCCEEDED message=null
09-23 19:17:43.282 15698 16116 I YTMProbe: g7 OLD_CLASSLOADER collected afterChecks=1
09-23 19:17:44.958 15490 15490 I YTMProbe: g7 CTRL target process=io.github.mrxsin.ytmprobe.target pid=15698 state=UP_TO_DATE loadedVersion=7
09-23 19:17:45.000 15698 15830 I YTMProbe: g7 CB onHotReloading
09-23 19:17:45.000 15698 15830 I YTMProbe: g7 LISTENER detached
09-23 19:17:45.000 15698 15830 I YTMProbe: g7 CB onHotReloaded process=io.github.mrxsin.ytmprobe.target extrasGen=7 oldHandles=2
09-23 19:17:45.001 15698 15830 I YTMProbe: g7 OLD_HANDLE id=ytmprobe.H2 exec=h2
09-23 19:17:45.001 15698 15830 I YTMProbe: g7 OLD_HANDLE id=ytmprobe.H1 exec=h1
09-23 19:17:45.001 15698 15830 I YTMProbe: g7 REPLACED id=ytmprobe.H1 same=false
09-23 19:17:45.001 15698 15830 I YTMProbe: g7 REPLACED id=ytmprobe.H2 same=false
09-23 19:17:45.003 15698 15830 I YTMProbe: g7 LISTENER attached value=2
09-23 19:17:45.003 15698 15830 I YTMProbe: g7 SAVED_STATE fromGen=7
09-23 19:17:45.003 15698 15830 D VectorModuleManager: Hot reloaded io.github.mrxsin.ytmprobe
09-23 19:17:45.005 15490 15508 I YTMProbe: g7 CTRL reload result pid=15698 status=SUCCEEDED message=null
09-23 19:17:46.017 15698 16174 I YTMProbe: g7 OLD_CLASSLOADER collected afterChecks=1
09-23 19:17:47.676 15490 15490 I YTMProbe: g7 CTRL target process=io.github.mrxsin.ytmprobe.target pid=15698 state=UP_TO_DATE loadedVersion=7
09-23 19:17:47.702 15698 15830 I YTMProbe: g7 CB onHotReloading
09-23 19:17:47.702 15698 15830 I YTMProbe: g7 LISTENER detached
09-23 19:17:47.702 15698 15830 I YTMProbe: g7 CB onHotReloaded process=io.github.mrxsin.ytmprobe.target extrasGen=7 oldHandles=2
09-23 19:17:47.703 15698 15830 I YTMProbe: g7 OLD_HANDLE id=ytmprobe.H2 exec=h2
09-23 19:17:47.703 15698 15830 I YTMProbe: g7 OLD_HANDLE id=ytmprobe.H1 exec=h1
09-23 19:17:47.703 15698 15830 I YTMProbe: g7 REPLACED id=ytmprobe.H1 same=false
09-23 19:17:47.703 15698 15830 I YTMProbe: g7 REPLACED id=ytmprobe.H2 same=false
09-23 19:17:47.705 15698 15830 I YTMProbe: g7 LISTENER attached value=2
09-23 19:17:47.705 15698 15830 I YTMProbe: g7 SAVED_STATE fromGen=7
09-23 19:17:47.705 15698 15830 D VectorModuleManager: Hot reloaded io.github.mrxsin.ytmprobe
09-23 19:17:47.706 15490 15508 I YTMProbe: g7 CTRL reload result pid=15698 status=SUCCEEDED message=null
09-23 19:17:48.719 15698 16189 I YTMProbe: g7 OLD_CLASSLOADER collected afterChecks=1
09-23 19:17:50.361 15490 15490 I YTMProbe: g7 CTRL target process=io.github.mrxsin.ytmprobe.target pid=15698 state=UP_TO_DATE loadedVersion=7
09-23 19:17:50.401 15698 15830 I YTMProbe: g7 CB onHotReloading
09-23 19:17:50.401 15698 15830 I YTMProbe: g7 LISTENER detached
09-23 19:17:50.401 15698 15830 I YTMProbe: g7 CB onHotReloaded process=io.github.mrxsin.ytmprobe.target extrasGen=7 oldHandles=2
09-23 19:17:50.401 15698 15830 I YTMProbe: g7 OLD_HANDLE id=ytmprobe.H1 exec=h1
09-23 19:17:50.401 15698 15830 I YTMProbe: g7 OLD_HANDLE id=ytmprobe.H2 exec=h2
09-23 19:17:50.402 15698 15830 I YTMProbe: g7 REPLACED id=ytmprobe.H1 same=false
09-23 19:17:50.402 15698 15830 I YTMProbe: g7 REPLACED id=ytmprobe.H2 same=false
09-23 19:17:50.403 15698 15830 I YTMProbe: g7 LISTENER attached value=2
09-23 19:17:50.403 15698 15830 I YTMProbe: g7 SAVED_STATE fromGen=7
09-23 19:17:50.403 15698 15830 D VectorModuleManager: Hot reloaded io.github.mrxsin.ytmprobe
09-23 19:17:50.405 15490 15509 I YTMProbe: g7 CTRL reload result pid=15698 status=SUCCEEDED message=null
09-23 19:17:51.427 15698 16217 I YTMProbe: g7 OLD_CLASSLOADER collected afterChecks=1
09-23 19:17:53.065 15490 15490 I YTMProbe: g7 CTRL target process=io.github.mrxsin.ytmprobe.target pid=15698 state=UP_TO_DATE loadedVersion=7
09-23 19:17:53.100 15698 15830 I YTMProbe: g7 CB onHotReloading
09-23 19:17:53.100 15698 15830 I YTMProbe: g7 LISTENER detached
09-23 19:17:53.100 15698 15830 I YTMProbe: g7 CB onHotReloaded process=io.github.mrxsin.ytmprobe.target extrasGen=7 oldHandles=2
09-23 19:17:53.101 15698 15830 I YTMProbe: g7 OLD_HANDLE id=ytmprobe.H2 exec=h2
09-23 19:17:53.101 15698 15830 I YTMProbe: g7 OLD_HANDLE id=ytmprobe.H1 exec=h1
09-23 19:17:53.101 15698 15830 I YTMProbe: g7 REPLACED id=ytmprobe.H1 same=false
09-23 19:17:53.101 15698 15830 I YTMProbe: g7 REPLACED id=ytmprobe.H2 same=false
09-23 19:17:53.103 15698 15830 I YTMProbe: g7 LISTENER attached value=2
09-23 19:17:53.103 15698 15830 I YTMProbe: g7 SAVED_STATE fromGen=7
09-23 19:17:53.103 15698 15830 D VectorModuleManager: Hot reloaded io.github.mrxsin.ytmprobe
09-23 19:17:53.106 15490 15508 I YTMProbe: g7 CTRL reload result pid=15698 status=SUCCEEDED message=null
09-23 19:17:54.116 15698 16263 I YTMProbe: g7 OLD_CLASSLOADER collected afterChecks=1
09-23 19:17:55.821 15490 15490 I YTMProbe: g7 CTRL target process=io.github.mrxsin.ytmprobe.target pid=15698 state=UP_TO_DATE loadedVersion=7
09-23 19:17:55.873 15698 15830 I YTMProbe: g7 CB onHotReloading
09-23 19:17:55.873 15698 15830 I YTMProbe: g7 LISTENER detached
09-23 19:17:55.873 15698 15830 I YTMProbe: g7 CB onHotReloaded process=io.github.mrxsin.ytmprobe.target extrasGen=7 oldHandles=2
09-23 19:17:55.874 15698 15830 I YTMProbe: g7 OLD_HANDLE id=ytmprobe.H2 exec=h2
09-23 19:17:55.874 15698 15830 I YTMProbe: g7 OLD_HANDLE id=ytmprobe.H1 exec=h1
09-23 19:17:55.874 15698 15830 I YTMProbe: g7 REPLACED id=ytmprobe.H1 same=false
09-23 19:17:55.874 15698 15830 I YTMProbe: g7 REPLACED id=ytmprobe.H2 same=false
09-23 19:17:55.876 15698 15830 I YTMProbe: g7 LISTENER attached value=2
09-23 19:17:55.876 15698 15830 I YTMProbe: g7 SAVED_STATE fromGen=7
09-23 19:17:55.876 15698 15830 D VectorModuleManager: Hot reloaded io.github.mrxsin.ytmprobe
09-23 19:17:55.877 15490 15508 I YTMProbe: g7 CTRL reload result pid=15698 status=SUCCEEDED message=null
09-23 19:17:56.894 15698 16291 I YTMProbe: g7 OLD_CLASSLOADER collected afterChecks=1
09-23 19:17:58.547 15490 15490 I YTMProbe: g7 CTRL target process=io.github.mrxsin.ytmprobe.target pid=15698 state=UP_TO_DATE loadedVersion=7
09-23 19:17:58.591 15698 15830 I YTMProbe: g7 CB onHotReloading
09-23 19:17:58.591 15698 15830 I YTMProbe: g7 LISTENER detached
09-23 19:17:58.591 15698 15830 I YTMProbe: g7 CB onHotReloaded process=io.github.mrxsin.ytmprobe.target extrasGen=7 oldHandles=2
09-23 19:17:58.591 15698 15830 I YTMProbe: g7 OLD_HANDLE id=ytmprobe.H1 exec=h1
09-23 19:17:58.591 15698 15830 I YTMProbe: g7 OLD_HANDLE id=ytmprobe.H2 exec=h2
09-23 19:17:58.591 15698 15830 I YTMProbe: g7 REPLACED id=ytmprobe.H1 same=false
09-23 19:17:58.591 15698 15830 I YTMProbe: g7 REPLACED id=ytmprobe.H2 same=false
09-23 19:17:58.592 15698 15830 I YTMProbe: g7 LISTENER attached value=2
09-23 19:17:58.592 15698 15830 I YTMProbe: g7 SAVED_STATE fromGen=7
09-23 19:17:58.593 15698 15830 D VectorModuleManager: Hot reloaded io.github.mrxsin.ytmprobe
09-23 19:17:58.595 15490 15508 I YTMProbe: g7 CTRL reload result pid=15698 status=SUCCEEDED message=null
09-23 19:17:59.613 15698 16306 I YTMProbe: g7 OLD_CLASSLOADER collected afterChecks=1
09-23 19:18:01.351 15490 15490 I YTMProbe: g7 CTRL target process=io.github.mrxsin.ytmprobe.target pid=15698 state=UP_TO_DATE loadedVersion=7
09-23 19:18:01.407 15698 15830 I YTMProbe: g7 CB onHotReloading
09-23 19:18:01.407 15698 15830 I YTMProbe: g7 LISTENER detached
09-23 19:18:01.407 15698 15830 I YTMProbe: g7 CB onHotReloaded process=io.github.mrxsin.ytmprobe.target extrasGen=7 oldHandles=2
09-23 19:18:01.408 15698 15830 I YTMProbe: g7 OLD_HANDLE id=ytmprobe.H2 exec=h2
09-23 19:18:01.408 15698 15830 I YTMProbe: g7 OLD_HANDLE id=ytmprobe.H1 exec=h1
09-23 19:18:01.408 15698 15830 I YTMProbe: g7 REPLACED id=ytmprobe.H1 same=false
09-23 19:18:01.409 15698 15830 I YTMProbe: g7 REPLACED id=ytmprobe.H2 same=false
09-23 19:18:01.410 15698 15830 I YTMProbe: g7 LISTENER attached value=2
09-23 19:18:01.410 15698 15830 I YTMProbe: g7 SAVED_STATE fromGen=7
09-23 19:18:01.410 15698 15830 D VectorModuleManager: Hot reloaded io.github.mrxsin.ytmprobe
09-23 19:18:01.411 15490 15509 I YTMProbe: g7 CTRL reload result pid=15698 status=SUCCEEDED message=null
09-23 19:18:02.425 15698 16321 I YTMProbe: g7 OLD_CLASSLOADER collected afterChecks=1
09-23 19:18:04.077 15490 15490 I YTMProbe: g7 CTRL target process=io.github.mrxsin.ytmprobe.target pid=15698 state=UP_TO_DATE loadedVersion=7
09-23 19:18:04.115 15698 15830 I YTMProbe: g7 CB onHotReloading
09-23 19:18:04.115 15698 15830 I YTMProbe: g7 LISTENER detached
09-23 19:18:04.115 15698 15830 I YTMProbe: g7 CB onHotReloaded process=io.github.mrxsin.ytmprobe.target extrasGen=7 oldHandles=2
09-23 19:18:04.116 15698 15830 I YTMProbe: g7 OLD_HANDLE id=ytmprobe.H2 exec=h2
09-23 19:18:04.116 15698 15830 I YTMProbe: g7 OLD_HANDLE id=ytmprobe.H1 exec=h1
09-23 19:18:04.116 15698 15830 I YTMProbe: g7 REPLACED id=ytmprobe.H1 same=false
09-23 19:18:04.116 15698 15830 I YTMProbe: g7 REPLACED id=ytmprobe.H2 same=false
09-23 19:18:04.117 15698 15830 I YTMProbe: g7 LISTENER attached value=2
09-23 19:18:04.117 15698 15830 I YTMProbe: g7 SAVED_STATE fromGen=7
09-23 19:18:04.118 15698 15830 D VectorModuleManager: Hot reloaded io.github.mrxsin.ytmprobe
09-23 19:18:04.119 15490 15509 I YTMProbe: g7 CTRL reload result pid=15698 status=SUCCEEDED message=null
09-23 19:18:05.131 15698 16344 I YTMProbe: g7 OLD_CLASSLOADER collected afterChecks=1
09-23 19:18:06.832 15490 15490 I YTMProbe: g7 CTRL write value=20 commit=true
09-23 19:18:06.845 15698 16360 I YTMProbe: g7 PREF key=value value=20 thread=binder:15698_8
# target OBS lines omitted: 62 x 'OBS h1=[g7] h2=[g7]', 0 INVALID
