 13882 14282 I YTMProbeTarget: OBS h1=[orig] h2=[g3]
 15010 15010 I YTMProbe: g4 CTRL status api=102 framework=Vector 2.2 (3080) 88f8e1fa-JingMatrix-Vector scope=[io.github.mrxsin.ytmprobe.target]
 15010 15010 I YTMProbe: g4 CTRL target process=io.github.mrxsin.ytmprobe.target pid=13882 state=STALE loadedVersion=3
 13882 14282 I YTMProbeTarget: OBS h1=[orig] h2=[g3]
 15010 15010 I YTMProbe: g4 CTRL target process=io.github.mrxsin.ytmprobe.target pid=13882 state=STALE loadedVersion=3
 13882 14330 I YTMProbe: g3 CB onHotReloading
 13882 14330 I YTMProbe: g3 LISTENER detached
 13882 14330 I YTMProbe: g4 CB onHotReloaded process=io.github.mrxsin.ytmprobe.target extrasGen=3 oldHandles=1
 13882 14330 I YTMProbe: g4 OLD_HANDLE id=ytmprobe.H2 exec=h2
 13882 14330 I YTMProbe: g4 INSTALLED id=ytmprobe.H1
 13882 14330 I YTMProbe: g4 INJECTED_FAILURE before H2
 13882 14330 I YTMProbe: g4 LISTENER attached value=2
 13882 14330 I YTMProbe: g4 SAVED_STATE fromGen=3
 13882 14330 E VectorModuleManager: onHotReloaded of io.github.mrxsin.ytmprobe threw
 13882 14330 E VectorModuleManager: java.lang.IllegalStateException: probe injected replacement failure: H2
 13882 14330 E VectorModuleManager: 	at io.github.mrxsin.ytmprobe.ProbeHooks.reconcile(ProbeHooks.java:50)
 13882 14330 E VectorModuleManager: 	at io.github.mrxsin.ytmprobe.ProbeModule.onHotReloaded(ProbeModule.java:76)
 15010 15045 I YTMProbe: g4 CTRL reload result pid=13882 status=FAILED message=java.lang.IllegalStateException: probe injected replacement failure: H2
 13882 14282 I YTMProbeTarget: OBS h1=[g4, orig] h2=[g3]
 13882 14282 I YTMProbeTarget: OBS h1=[g4] h2=[g3]
